base/consumerBase.cppm
base/firstBlockBase.cppm
base/lastBlockBase.cppm
base/nestedBase.cppm
base/nestedL1Base.cppm
base/nestedL2Base.cppm
base/nestedL3Base.cppm
base/nestedL4Base.cppm
base/nestedL5Base.cppm
base/nestedL6Base.cppm
base/producerBase.cppm
base/secondBlockBase.cppm
base/secondSubABase.cppm
base/secondSubBBase.cppm
base/subBlockBase.cppm
base/subBlockContainerBase.cppm
base/testBlockBase.cppm
base/testContainerBase.cppm
fw/nestedIncludesFW.cpp
fw/nestedIncludesFW.h
model/consumer.cpp
model/consumer.h
model/firstBlock.cpp
model/firstBlock.h
model/lastBlock.cpp
model/lastBlock.h
model/nested.cpp
model/nested.h
model/nestedIncludes.cppm
model/nestedL1.cpp
model/nestedL1.h
model/nestedL2.cpp
model/nestedL2.h
model/nestedL3.cpp
model/nestedL3.h
model/nestedL4.cpp
model/nestedL4.h
model/nestedL5.cpp
model/nestedL5.h
model/nestedL6.cpp
model/nestedL6.h
model/producer.cpp
model/producer.h
model/secondBlock.cpp
model/secondBlock.h
model/secondSubA.cpp
model/secondSubA.h
model/secondSubB.cpp
model/secondSubB.h
model/subBlock.cpp
model/subBlock.h
model/subBlockContainer.cpp
model/subBlockContainer.h
model/testBlock.cpp
model/testBlock.h
model/testContainer.cpp
model/testContainer.h
rtl/nested_package.sv
tb/nested/nestedConfig.cpp
tb/nested/nestedExternal.cpp
tb/nested/nestedExternal.h
tb/nested/nestedTestbench.cpp
tb/nested/nestedTestbench.h
