Makefile
base/consumerBase.cppm
base/firstBlockBase.cppm
base/lastBlockBase.cppm
base/nestedBase.cppm
base/nestedL1Base.cppm
base/nestedL2Base.cppm
base/nestedL3Base.cppm
base/nestedL4Base.cppm
base/nestedL5Base.cppm
base/nestedL6Base.cppm
base/producerBase.cppm
base/secondBlockBase.cppm
base/secondSubABase.cppm
base/secondSubBBase.cppm
base/subBlockBase.cppm
base/subBlockContainerBase.cppm
base/testBlockBase.cppm
base/testContainerBase.cppm
fw/nestedIncludesFW.cpp
fw/nestedIncludesFW.h
include/make/shared.mk
model/consumer.cppm
model/firstBlock.cppm
model/lastBlock.cppm
model/nested.cppm
model/nestedIncludes.cppm
model/nestedL1.cppm
model/nestedL2.cppm
model/nestedL3.cppm
model/nestedL4.cppm
model/nestedL5.cppm
model/nestedL6.cppm
model/producer.cppm
model/secondBlock.cppm
model/secondSubA.cppm
model/secondSubB.cppm
model/subBlock.cppm
model/subBlockContainer.cppm
model/testBlock.cppm
model/testContainer.cppm
rtl/Makefile
rtl/nested_package.sv
rtl/rtl.f
rundir/Makefile
tb/nested/nestedConfig.cpp
tb/nested/nestedExternal.cppm
tb/nested/nestedTestbench.cppm
