Makefile
base/consumerBase.cppm
base/consumerSocket.cpp
base/consumerSocket.h
base/consumerSocketCatalog.h
base/consumerSocketCatalog.py
base/firstBlockBase.cppm
base/firstBlockSocket.cpp
base/firstBlockSocket.h
base/firstBlockSocketCatalog.h
base/firstBlockSocketCatalog.py
base/lastBlockBase.cppm
base/lastBlockSocket.cpp
base/lastBlockSocket.h
base/lastBlockSocketCatalog.h
base/lastBlockSocketCatalog.py
base/nestedBase.cppm
base/nestedL1Base.cppm
base/nestedL1Socket.cpp
base/nestedL1Socket.h
base/nestedL1SocketCatalog.h
base/nestedL1SocketCatalog.py
base/nestedL2Base.cppm
base/nestedL2Socket.cpp
base/nestedL2Socket.h
base/nestedL2SocketCatalog.h
base/nestedL2SocketCatalog.py
base/nestedL3Base.cppm
base/nestedL3Socket.cpp
base/nestedL3Socket.h
base/nestedL3SocketCatalog.h
base/nestedL3SocketCatalog.py
base/nestedL4Base.cppm
base/nestedL4Socket.cpp
base/nestedL4Socket.h
base/nestedL4SocketCatalog.h
base/nestedL4SocketCatalog.py
base/nestedL5Base.cppm
base/nestedL5Socket.cpp
base/nestedL5Socket.h
base/nestedL5SocketCatalog.h
base/nestedL5SocketCatalog.py
base/nestedL6Base.cppm
base/nestedL6Socket.cpp
base/nestedL6Socket.h
base/nestedL6SocketCatalog.h
base/nestedL6SocketCatalog.py
base/nestedSocket.cpp
base/nestedSocket.h
base/nestedSocketCatalog.h
base/nestedSocketCatalog.py
base/producerBase.cppm
base/producerSocket.cpp
base/producerSocket.h
base/producerSocketCatalog.h
base/producerSocketCatalog.py
base/secondBlockBase.cppm
base/secondBlockSocket.cpp
base/secondBlockSocket.h
base/secondBlockSocketCatalog.h
base/secondBlockSocketCatalog.py
base/secondSubABase.cppm
base/secondSubASocket.cpp
base/secondSubASocket.h
base/secondSubASocketCatalog.h
base/secondSubASocketCatalog.py
base/secondSubBBase.cppm
base/secondSubBSocket.cpp
base/secondSubBSocket.h
base/secondSubBSocketCatalog.h
base/secondSubBSocketCatalog.py
base/subBlockBase.cppm
base/subBlockContainerBase.cppm
base/subBlockContainerSocket.cpp
base/subBlockContainerSocket.h
base/subBlockContainerSocketCatalog.h
base/subBlockContainerSocketCatalog.py
base/subBlockSocket.cpp
base/subBlockSocket.h
base/subBlockSocketCatalog.h
base/subBlockSocketCatalog.py
base/testBlockBase.cppm
base/testBlockSocket.cpp
base/testBlockSocket.h
base/testBlockSocketCatalog.h
base/testBlockSocketCatalog.py
base/testContainerBase.cppm
base/testContainerSocket.cpp
base/testContainerSocket.h
base/testContainerSocketCatalog.h
base/testContainerSocketCatalog.py
fw/nestedIncludesFW.cpp
fw/nestedIncludesFW.h
include/make/shared.mk
model/consumer.cppm
model/firstBlock.cppm
model/lastBlock.cppm
model/nested.cppm
model/nestedIncludes.cppm
model/nestedL1.cppm
model/nestedL2.cppm
model/nestedL3.cppm
model/nestedL4.cppm
model/nestedL5.cppm
model/nestedL6.cppm
model/producer.cppm
model/secondBlock.cppm
model/secondSubA.cppm
model/secondSubB.cppm
model/subBlock.cppm
model/subBlockContainer.cppm
model/testBlock.cppm
model/testContainer.cppm
rtl/Makefile
rtl/nested_package.sv
rtl/rtl.f
rundir/Makefile
tb/nested/nestedConfig.cpp
tb/nested/nestedExternal.cpp
tb/nested/nestedExternal.h
tb/nested/nestedTestbench.cpp
tb/nested/nestedTestbench.h
