core/base/coreBase.h
core/base/genBase.h
core/fw/coreIncludesFW.cpp
core/fw/coreIncludesFW.h
core/model/core.cpp
core/model/core.h
core/model/coreIncludes.cppm
core/model/gen.cpp
core/model/gen.h
core/rtl/core.sv
core/rtl/core_package.sv
core/rtl/gen.sv
core/tb/core/coreConfig.cpp
core/tb/core/coreExternal.cpp
core/tb/core/coreExternal.h
core/tb/core/coreTestbench.cpp
core/tb/core/coreTestbench.h
leaf/base/leafBase.h
leaf/model/leaf.cpp
leaf/model/leaf.h
leaf/rtl/leaf.sv
