Makefile
core/base/coreBase.cppm
core/base/genBase.cppm
core/fw/coreIncludesFW.cpp
core/fw/coreIncludesFW.h
core/model/core.cppm
core/model/coreIncludes.cppm
core/model/gen.cppm
core/rtl/core.sv
core/rtl/core_package.sv
core/rtl/gen.sv
core/rtl/rtl.f
core/tb/core/coreConfig.cpp
core/tb/core/coreExternal.cppm
core/tb/core/coreTestbench.cppm
leaf/base/leafBase.cppm
leaf/model/leaf.cppm
leaf/rtl/leaf.sv
rtl/Makefile
rundir/Makefile
